Archive member included to satisfy reference by file (symbol)

D:/STM32CubeIDE_1.14.0/STM32CubeIDE/plugins/com.st.stm32cube.ide.mcu.externaltools.gnu-tools-for-stm32.11.3.rel1.win32_1.1.100.202309141235/tools/bin/../lib/gcc/arm-none-eabi/11.3.1/../../../../arm-none-eabi/lib/thumb/v7e-m+fp/hard\libc_nano.a(libc_a-exit.o)
                              D:/STM32CubeIDE_1.14.0/STM32CubeIDE/plugins/com.st.stm32cube.ide.mcu.externaltools.gnu-tools-for-stm32.11.3.rel1.win32_1.1.100.202309141235/tools/bin/../lib/gcc/arm-none-eabi/11.3.1/../../../../arm-none-eabi/lib/thumb/v7e-m+fp/hard/crt0.o (exit)
D:/STM32CubeIDE_1.14.0/STM32CubeIDE/plugins/com.st.stm32cube.ide.mcu.externaltools.gnu-tools-for-stm32.11.3.rel1.win32_1.1.100.202309141235/tools/bin/../lib/gcc/arm-none-eabi/11.3.1/../../../../arm-none-eabi/lib/thumb/v7e-m+fp/hard\libc_nano.a(libc_a-findfp.o)
                              D:/STM32CubeIDE_1.14.0/STM32CubeIDE/plugins/com.st.stm32cube.ide.mcu.externaltools.gnu-tools-for-stm32.11.3.rel1.win32_1.1.100.202309141235/tools/bin/../lib/gcc/arm-none-eabi/11.3.1/../../../../arm-none-eabi/lib/thumb/v7e-m+fp/hard\libc_nano.a(libc_a-exit.o) (__stdio_exit_handler)
D:/STM32CubeIDE_1.14.0/STM32CubeIDE/plugins/com.st.stm32cube.ide.mcu.externaltools.gnu-tools-for-stm32.11.3.rel1.win32_1.1.100.202309141235/tools/bin/../lib/gcc/arm-none-eabi/11.3.1/../../../../arm-none-eabi/lib/thumb/v7e-m+fp/hard\libc_nano.a(libc_a-fwalk.o)
                              D:/STM32CubeIDE_1.14.0/STM32CubeIDE/plugins/com.st.stm32cube.ide.mcu.externaltools.gnu-tools-for-stm32.11.3.rel1.win32_1.1.100.202309141235/tools/bin/../lib/gcc/arm-none-eabi/11.3.1/../../../../arm-none-eabi/lib/thumb/v7e-m+fp/hard\libc_nano.a(libc_a-findfp.o) (_fwalk_sglue)
D:/STM32CubeIDE_1.14.0/STM32CubeIDE/plugins/com.st.stm32cube.ide.mcu.externaltools.gnu-tools-for-stm32.11.3.rel1.win32_1.1.100.202309141235/tools/bin/../lib/gcc/arm-none-eabi/11.3.1/../../../../arm-none-eabi/lib/thumb/v7e-m+fp/hard\libc_nano.a(libc_a-stdio.o)
                              D:/STM32CubeIDE_1.14.0/STM32CubeIDE/plugins/com.st.stm32cube.ide.mcu.externaltools.gnu-tools-for-stm32.11.3.rel1.win32_1.1.100.202309141235/tools/bin/../lib/gcc/arm-none-eabi/11.3.1/../../../../arm-none-eabi/lib/thumb/v7e-m+fp/hard\libc_nano.a(libc_a-findfp.o) (__sread)
D:/STM32CubeIDE_1.14.0/STM32CubeIDE/plugins/com.st.stm32cube.ide.mcu.externaltools.gnu-tools-for-stm32.11.3.rel1.win32_1.1.100.202309141235/tools/bin/../lib/gcc/arm-none-eabi/11.3.1/../../../../arm-none-eabi/lib/thumb/v7e-m+fp/hard\libc_nano.a(libc_a-memset.o)
                              D:/STM32CubeIDE_1.14.0/STM32CubeIDE/plugins/com.st.stm32cube.ide.mcu.externaltools.gnu-tools-for-stm32.11.3.rel1.win32_1.1.100.202309141235/tools/bin/../lib/gcc/arm-none-eabi/11.3.1/../../../../arm-none-eabi/lib/thumb/v7e-m+fp/hard/crt0.o (memset)
D:/STM32CubeIDE_1.14.0/STM32CubeIDE/plugins/com.st.stm32cube.ide.mcu.externaltools.gnu-tools-for-stm32.11.3.rel1.win32_1.1.100.202309141235/tools/bin/../lib/gcc/arm-none-eabi/11.3.1/../../../../arm-none-eabi/lib/thumb/v7e-m+fp/hard\libc_nano.a(libc_a-closer.o)
                              D:/STM32CubeIDE_1.14.0/STM32CubeIDE/plugins/com.st.stm32cube.ide.mcu.externaltools.gnu-tools-for-stm32.11.3.rel1.win32_1.1.100.202309141235/tools/bin/../lib/gcc/arm-none-eabi/11.3.1/../../../../arm-none-eabi/lib/thumb/v7e-m+fp/hard\libc_nano.a(libc_a-stdio.o) (_close_r)
D:/STM32CubeIDE_1.14.0/STM32CubeIDE/plugins/com.st.stm32cube.ide.mcu.externaltools.gnu-tools-for-stm32.11.3.rel1.win32_1.1.100.202309141235/tools/bin/../lib/gcc/arm-none-eabi/11.3.1/../../../../arm-none-eabi/lib/thumb/v7e-m+fp/hard\libc_nano.a(libc_a-reent.o)
                              D:/STM32CubeIDE_1.14.0/STM32CubeIDE/plugins/com.st.stm32cube.ide.mcu.externaltools.gnu-tools-for-stm32.11.3.rel1.win32_1.1.100.202309141235/tools/bin/../lib/gcc/arm-none-eabi/11.3.1/../../../../arm-none-eabi/lib/thumb/v7e-m+fp/hard\libc_nano.a(libc_a-closer.o) (errno)
D:/STM32CubeIDE_1.14.0/STM32CubeIDE/plugins/com.st.stm32cube.ide.mcu.externaltools.gnu-tools-for-stm32.11.3.rel1.win32_1.1.100.202309141235/tools/bin/../lib/gcc/arm-none-eabi/11.3.1/../../../../arm-none-eabi/lib/thumb/v7e-m+fp/hard\libc_nano.a(libc_a-impure.o)
                              D:/STM32CubeIDE_1.14.0/STM32CubeIDE/plugins/com.st.stm32cube.ide.mcu.externaltools.gnu-tools-for-stm32.11.3.rel1.win32_1.1.100.202309141235/tools/bin/../lib/gcc/arm-none-eabi/11.3.1/../../../../arm-none-eabi/lib/thumb/v7e-m+fp/hard\libc_nano.a(libc_a-reent.o) (_impure_ptr)
D:/STM32CubeIDE_1.14.0/STM32CubeIDE/plugins/com.st.stm32cube.ide.mcu.externaltools.gnu-tools-for-stm32.11.3.rel1.win32_1.1.100.202309141235/tools/bin/../lib/gcc/arm-none-eabi/11.3.1/../../../../arm-none-eabi/lib/thumb/v7e-m+fp/hard\libc_nano.a(libc_a-lseekr.o)
[...]
Memory Configuration

Name             Origin             Length             Attributes
RAM              0x0000000020000000 0x0000000000018000 xrw
FLASH            0x0000000008000000 0x0000000000080000 xr
*default*        0x0000000000000000 0xffffffffffffffff

Linker script and memory map

LOAD D:/STM32CubeIDE_1.14.0/STM32CubeIDE/plugins/com.st.stm32cube.ide.mcu.externaltools.gnu-tools-for-stm32.11.3.rel1.win32_1.1.100.202309141235/tools/bin/../lib/gcc/arm-none-eabi/11.3.1/thumb/v7e-m+fp/hard/crti.o
LOAD D:/STM32CubeIDE_1.14.0/STM32CubeIDE/plugins/com.st.stm32cube.ide.mcu.externaltools.gnu-tools-for-stm32.11.3.rel1.win32_1.1.100.202309141235/tools/bin/../lib/gcc/arm-none-eabi/11.3.1/thumb/v7e-m+fp/hard/crtbegin.o
LOAD D:/STM32CubeIDE_1.14.0/STM32CubeIDE/plugins/com.st.stm32cube.ide.mcu.externaltools.gnu-tools-for-stm32.11.3.rel1.win32_1.1.100.202309141235/tools/bin/../lib/gcc/arm-none-eabi/11.3.1/../../../../arm-none-eabi/lib/thumb/v7e-m+fp/hard/crt0.o
LOAD ./Core/Src/main.o
LOAD ./Core/Src/nokia5110_LCD.o
LOAD ./Core/Src/stm32f4xx_hal_msp.o
LOAD ./Core/Src/stm32f4xx_it.o
LOAD ./Core/Src/syscalls.o
LOAD ./Core/Src/sysmem.o
LOAD ./Core/Src/system_stm32f4xx.o
LOAD ./Core/Startup/startup_stm32f401retx.o
LOAD ./Drivers/STM32F4xx_HAL_Driver/Src/stm32f4xx_hal.o
LOAD ./Drivers/STM32F4xx_HAL_Driver/Src/stm32f4xx_hal_adc.o
LOAD ./Drivers/STM32F4xx_HAL_Driver/Src/stm32f4xx_hal_adc_ex.o
LOAD ./Drivers/STM32F4xx_HAL_Driver/Src/stm32f4xx_hal_cortex.o
LOAD ./Drivers/STM32F4xx_HAL_Driver/Src/stm32f4xx_hal_dma.o
LOAD ./Drivers/STM32F4xx_HAL_Driver/Src/stm32f4xx_hal_dma_ex.o
LOAD ./Drivers/STM32F4xx_HAL_Driver/Src/stm32f4xx_hal_exti.o
LOAD ./Drivers/STM32F4xx_HAL_Driver/Src/stm32f4xx_hal_flash.o
LOAD ./Drivers/STM32F4xx_HAL_Driver/Src/stm32f4xx_hal_flash_ex.o
LOAD ./Drivers/STM32F4xx_HAL_Driver/Src/stm32f4xx_hal_flash_ramfunc.o
LOAD ./Drivers/STM32F4xx_HAL_Driver/Src/stm32f4xx_hal_gpio.o
LOAD ./Drivers/STM32F4xx_HAL_Driver/Src/stm32f4xx_hal_pwr.o
LOAD ./Drivers/STM32F4xx_HAL_Driver/Src/stm32f4xx_hal_pwr_ex.o
LOAD ./Drivers/STM32F4xx_HAL_Driver/Src/stm32f4xx_hal_rcc.o
LOAD ./Drivers/STM32F4xx_HAL_Driver/Src/stm32f4xx_hal_rcc_ex.o
LOAD ./Drivers/STM32F4xx_HAL_Driver/Src/stm32f4xx_hal_tim.o
LOAD ./Drivers/STM32F4xx_HAL_Driver/Src/stm32f4xx_hal_tim_ex.o
LOAD ./Drivers/STM32F4xx_HAL_Driver/Src/stm32f4xx_hal_uart.o
LOAD ./Drivers/STM32F4xx_HAL_Driver/Src/stm32f4xx_ll_adc.o
START GROUP
LOAD D:/STM32CubeIDE_1.14.0/STM32CubeIDE/plugins/com.st.stm32cube.ide.mcu.externaltools.gnu-tools-for-stm32.11.3.rel1.win32_1.1.100.202309141235/tools/bin/../lib/gcc/arm-none-eabi/11.3.1/../../../../arm-none-eabi/lib/thumb/v7e-m+fp/hard\libc_nano.a
LOAD D:/STM32CubeIDE_1.14.0/STM32CubeIDE/plugins/com.st.stm32cube.ide.mcu.externaltools.gnu-tools-for-stm32.11.3.rel1.win32_1.1.100.202309141235/tools/bin/../lib/gcc/arm-none-eabi/11.3.1/../../../../arm-none-eabi/lib/thumb/v7e-m+fp/hard\libm.a
END GROUP
START GROUP
LOAD D:/STM32CubeIDE_1.14.0/STM32CubeIDE/plugins/com.st.stm32cube.ide.mcu.externaltools.gnu-tools-for-stm32.11.3.rel1.win32_1.1.100.202309141235/tools/bin/../lib/gcc/arm-none-eabi/11.3.1/thumb/v7e-m+fp/hard\libgcc.a
LOAD D:/STM32CubeIDE_1.14.0/STM32CubeIDE/plugins/com.st.stm32cube.ide.mcu.externaltools.gnu-tools-for-stm32.11.3.rel1.win32_1.1.100.202309141235/tools/bin/../lib/gcc/arm-none-eabi/11.3.1/../../../../arm-none-eabi/lib/thumb/v7e-m+fp/hard\libc_nano.a
END GROUP
START GROUP
LOAD D:/STM32CubeIDE_1.14.0/STM32CubeIDE/plugins/com.st.stm32cube.ide.mcu.externaltools.gnu-tools-for-stm32.11.3.rel1.win32_1.1.100.202309141235/tools/bin/../lib/gcc/arm-none-eabi/11.3.1/thumb/v7e-m+fp/hard\libgcc.a
LOAD D:/STM32CubeIDE_1.14.0/STM32CubeIDE/plugins/com.st.stm32cube.ide.mcu.externaltools.gnu-tools-for-stm32.11.3.rel1.win32_1.1.100.202309141235/tools/bin/../lib/gcc/arm-none-eabi/11.3.1/../../../../arm-none-eabi/lib/thumb/v7e-m+fp/hard\libc_nano.a
LOAD D:/STM32CubeIDE_1.14.0/STM32CubeIDE/plugins/com.st.stm32cube.ide.mcu.externaltools.gnu-tools-for-stm32.11.3.rel1.win32_1.1.100.202309141235/tools/bin/../lib/gcc/arm-none-eabi/11.3.1/../../../../arm-none-eabi/lib/thumb/v7e-m+fp/hard\libnosys.a
END GROUP
START GROUP
LOAD D:/STM32CubeIDE_1.14.0/STM32CubeIDE/plugins/com.st.stm32cube.ide.mcu.externaltools.gnu-tools-for-stm32.11.3.rel1.win32_1.1.100.202309141235/tools/bin/../lib/gcc/arm-none-eabi/11.3.1/thumb/v7e-m+fp/hard\libgcc.a
LOAD D:/STM32CubeIDE_1.14.0/STM32CubeIDE/plugins/com.st.stm32cube.ide.mcu.externaltools.gnu-tools-for-stm32.11.3.rel1.win32_1.1.100.202309141235/tools/bin/../lib/gcc/arm-none-eabi/11.3.1/../../../../arm-none-eabi/lib/thumb/v7e-m+fp/hard\libc_nano.a
LOAD D:/STM32CubeIDE_1.14.0/STM32CubeIDE/plugins/com.st.stm32cube.ide.mcu.externaltools.gnu-tools-for-stm32.11.3.rel1.win32_1.1.100.202309141235/tools/bin/../lib/gcc/arm-none-eabi/11.3.1/../../../../arm-none-eabi/lib/thumb/v7e-m+fp/hard\libnosys.a
END GROUP
LOAD D:/STM32CubeIDE_1.14.0/STM32CubeIDE/plugins/com.st.stm32cube.ide.mcu.externaltools.gnu-tools-for-stm32.11.3.rel1.win32_1.1.100.202309141235/tools/bin/../lib/gcc/arm-none-eabi/11.3.1/thumb/v7e-m+fp/hard/crtend.o
LOAD D:/STM32CubeIDE_1.14.0/STM32CubeIDE/plugins/com.st.stm32cube.ide.mcu.externaltools.gnu-tools-for-stm32.11.3.rel1.win32_1.1.100.202309141235/tools/bin/../lib/gcc/arm-none-eabi/11.3.1/thumb/v7e-m+fp/hard/crtn.o
                0x0000000020018000                _estack = (ORIGIN (RAM) + LENGTH (RAM))
                0x0000000000000200                _Min_Heap_Size = 0x200
                0x0000000000000400                _Min_Stack_Size = 0x400

.isr_vector     0x0000000008000000      0x194
                0x0000000008000000                . = ALIGN (0x4)
 *(.isr_vector)
 .isr_vector    0x0000000008000000      0x194 ./Core/Startup/startup_stm32f401retx.o
                0x0000000008000000                g_pfnVectors
                0x0000000008000194                . = ALIGN (0x4)

.text           0x0000000008000194     0x4a8c
                0x0000000008000194                . = ALIGN (0x4)
 *(.text)
 .text          0x0000000008000194       0x40 D:/STM32CubeIDE_1.14.0/STM32CubeIDE/plugins/com.st.stm32cube.ide.mcu.externaltools.gnu-tools-for-stm32.11.3.rel1.win32_1.1.100.202309141235/tools/bin/../lib/gcc/arm-none-eabi/11.3.1/thumb/v7e-m+fp/hard/crtbegin.o
 .text          0x00000000080001d4       0x30 D:/STM32CubeIDE_1.14.0/STM32CubeIDE/plugins/com.st.stm32cube.ide.mcu.externaltools.gnu-tools-for-stm32.11.3.rel1.win32_1.1.100.202309141235/tools/bin/../lib/gcc/arm-none-eabi/11.3.1/thumb/v7e-m+fp/hard\libgcc.a(_aeabi_uldivmod.o)
                0x00000000080001d4                __aeabi_uldivmod
 .text          0x0000000008000204      0x2c8 D:/STM32CubeIDE_1.14.0/STM32CubeIDE/plugins/com.st.stm32cube.ide.mcu.externaltools.gnu-tools-for-stm32.11.3.rel1.win32_1.1.100.202309141235/tools/bin/../lib/gcc/arm-none-eabi/11.3.1/thumb/v7e-m+fp/hard\libgcc.a(_udivmoddi4.o)
                0x0000000008000204                __udivmoddi4
 .text          0x00000000080004cc        0x4 D:/STM32CubeIDE_1.14.0/STM32CubeIDE/plugins/com.st.stm32cube.ide.mcu.externaltools.gnu-tools-for-stm32.11.3.rel1.win32_1.1.100.202309141235/tools/bin/../lib/gcc/arm-none-eabi/11.3.1/thumb/v7e-m+fp/hard\libgcc.a(_dvmd_tls.o)
                0x00000000080004cc                __aeabi_idiv0
                0x00000000080004cc                __aeabi_ldiv0
 *(.text*)
 .text.main     0x00000000080004d0       0xdc ./Core/Src/main.o
                0x00000000080004d0                main
 .text.SystemClock_Config
                0x00000000080005ac       0xd8 ./Core/Src/main.o
                0x00000000080005ac                SystemClock_Config
 .text.MX_ADC1_Init
                0x0000000008000684       0xa4 ./Core/Src/main.o
 .text.MX_TIM1_Init
                0x0000000008000728      0x170 ./Core/Src/main.o
 .text.MX_TIM2_Init
                0x0000000008000898       0x98 ./Core/Src/main.o
 .text.MX_USART1_UART_Init
                0x0000000008000930       0x54 ./Core/Src/main.o
 .text.MX_DMA_Init
                0x0000000008000984       0x40 ./Core/Src/main.o
 .text.MX_GPIO_Init
                0x00000000080009c4      0x110 ./Core/Src/main.o
 .text.HAL_UART_RxCpltCallback
                0x0000000008000ad4       0x6c ./Core/Src/main.o
                0x0000000008000ad4                HAL_UART_RxCpltCallback
 .text.Error_Handler
                0x0000000008000b40        0xa ./Core/Src/main.o
                0x0000000008000b40                Error_Handler
 *fill*         0x0000000008000b4a        0x2 
 .text.LCD_setRST
                0x0000000008000b4c       0x28 ./Core/Src/nokia5110_LCD.o
                0x0000000008000b4c                LCD_setRST
 .text.LCD_setCE
                0x0000000008000b74       0x28 ./Core/Src/nokia5110_LCD.o
                0x0000000008000b74                LCD_setCE
 .text.LCD_setDC
                0x0000000008000b9c       0x28 ./Core/Src/nokia5110_LCD.o
                0x0000000008000b9c                LCD_setDC
 .text.LCD_setDIN
                0x0000000008000bc4       0x28 ./Core/Src/nokia5110_LCD.o
                0x0000000008000bc4                LCD_setDIN
 .text.LCD_setCLK
                0x0000000008000bec       0x28 ./Core/Src/nokia5110_LCD.o
                0x0000000008000bec                LCD_setCLK
 .text.LCD_send
                0x0000000008000c14       0x74 ./Core/Src/nokia5110_LCD.o
                0x0000000008000c14                LCD_send
 .text.LCD_write
                0x0000000008000c88       0x94 ./Core/Src/nokia5110_LCD.o
                0x0000000008000c88                LCD_write
 .text.LCD_init
                0x0000000008000d1c       0x6c ./Core/Src/nokia5110_LCD.o
                0x0000000008000d1c                LCD_init
 .text.LCD_clrScr
                0x0000000008000d88       0x3c ./Core/Src/nokia5110_LCD.o
                0x0000000008000d88                LCD_clrScr
 .text.HAL_MspInit
                0x0000000008000dc4       0x50 ./Core/Src/stm32f4xx_hal_msp.o
                0x0000000008000dc4                HAL_MspInit
 .text.HAL_ADC_MspInit
                0x0000000008000e14       0xf0 ./Core/Src/stm32f4xx_hal_msp.o
                0x0000000008000e14                HAL_ADC_MspInit
 .text.HAL_TIM_Base_MspInit
                0x0000000008000f04       0x78 ./Core/Src/stm32f4xx_hal_msp.o
                0x0000000008000f04                HAL_TIM_Base_MspInit
 .text.HAL_TIM_MspPostInit
                0x0000000008000f7c       0x74 ./Core/Src/stm32f4xx_hal_msp.o
                0x0000000008000f7c                HAL_TIM_MspPostInit
 .text.HAL_UART_MspInit
                0x0000000008000ff0       0xa0 ./Core/Src/stm32f4xx_hal_msp.o
                0x0000000008000ff0                HAL_UART_MspInit
 .text.NMI_Handler
                0x0000000008001090        0x6 ./Core/Src/stm32f4xx_it.o
                0x0000000008001090                NMI_Handler
 .text.HardFault_Handler
                0x0000000008001096        0x6 ./Core/Src/stm32f4xx_it.o
                0x0000000008001096                HardFault_Handler
 .text.MemManage_Handler
                0x000000000800109c        0x6 ./Core/Src/stm32f4xx_it.o
                0x000000000800109c                MemManage_Handler
 .text.BusFault_Handler
                0x00000000080010a2        0x6 ./Core/Src/stm32f4xx_it.o
                0x00000000080010a2                BusFault_Handler
 .text.UsageFault_Handler
                0x00000000080010a8        0x6 ./Core/Src/stm32f4xx_it.o
                0x00000000080010a8                UsageFault_Handler
 .text.SVC_Handler
                0x00000000080010ae        0xe ./Core/Src/stm32f4xx_it.o
                0x00000000080010ae                SVC_Handler
 .text.DebugMon_Handler
                0x00000000080010bc        0xe ./Core/Src/stm32f4xx_it.o
                0x00000000080010bc                DebugMon_Handler
 .text.PendSV_Handler
                0x00000000080010ca        0xe ./Core/Src/stm32f4xx_it.o
                0x00000000080010ca                PendSV_Handler
 .text.SysTick_Handler
                0x00000000080010d8        0xc ./Core/Src/stm32f4xx_it.o
                0x00000000080010d8                SysTick_Handler
 .text.USART1_IRQHandler
                0x00000000080010e4       0x14 ./Core/Src/stm32f4xx_it.o
                0x00000000080010e4                USART1_IRQHandler
 .text.DMA2_Stream0_IRQHandler
                0x00000000080010f8       0x14 ./Core/Src/stm32f4xx_it.o
                0x00000000080010f8                DMA2_Stream0_IRQHandler
 .text.SystemInit
                0x000000000800110c       0x24 ./Core/Src/system_stm32f4xx.o
                0x000000000800110c                SystemInit
 .text.Reset_Handler
                0x0000000008001130       0x50 ./Core/Startup/startup_stm32f401retx.o
                0x0000000008001130                Reset_Handler
 .text.Default_Handler
                0x0000000008001180        0x2 ./Core/Startup/startup_stm32f401retx.o
                0x0000000008001180                RTC_Alarm_IRQHandler
                0x0000000008001180                EXTI2_IRQHandler
                0x0000000008001180                SPI4_IRQHandler
                0x0000000008001180                TIM1_CC_IRQHandler
                0x0000000008001180                DMA2_Stream5_IRQHandler
                0x0000000008001180                DMA1_Stream5_IRQHandler
                0x0000000008001180                PVD_IRQHandler
                0x0000000008001180                SDIO_IRQHandler
                0x0000000008001180                TAMP_STAMP_IRQHandler
                0x0000000008001180                EXTI3_IRQHandler
                0x0000000008001180                TIM1_UP_TIM10_IRQHandler
                0x0000000008001180                I2C3_ER_IRQHandler
                0x0000000008001180                EXTI0_IRQHandler
                0x0000000008001180                I2C2_EV_IRQHandler
                0x0000000008001180                DMA1_Stream2_IRQHandler
                0x0000000008001180                FPU_IRQHandler
                0x0000000008001180                DMA2_Stream2_IRQHandler
                0x0000000008001180                SPI1_IRQHandler
                0x0000000008001180                TIM1_BRK_TIM9_IRQHandler
                0x0000000008001180                DMA2_Stream3_IRQHandler
                0x0000000008001180                USART6_IRQHandler
                0x0000000008001180                TIM4_IRQHandler
                0x0000000008001180                I2C1_EV_IRQHandler
                0x0000000008001180                DMA1_Stream6_IRQHandler
                0x0000000008001180                DMA1_Stream1_IRQHandler
                0x0000000008001180                TIM3_IRQHandler
                0x0000000008001180                RCC_IRQHandler
                0x0000000008001180                Default_Handler
                0x0000000008001180                EXTI15_10_IRQHandler
                0x0000000008001180                ADC_IRQHandler
                0x0000000008001180                DMA1_Stream7_IRQHandler
                0x0000000008001180                TIM5_IRQHandler
                0x0000000008001180                DMA2_Stream7_IRQHandler
                0x0000000008001180                I2C3_EV_IRQHandler
                0x0000000008001180                EXTI9_5_IRQHandler
                0x0000000008001180                RTC_WKUP_IRQHandler
                0x0000000008001180                SPI2_IRQHandler
                0x0000000008001180                DMA1_Stream0_IRQHandler
                0x0000000008001180                EXTI4_IRQHandler
                0x0000000008001180                WWDG_IRQHandler
                0x0000000008001180                TIM2_IRQHandler
                0x0000000008001180                OTG_FS_WKUP_IRQHandler
                0x0000000008001180                TIM1_TRG_COM_TIM11_IRQHandler
                0x0000000008001180                EXTI1_IRQHandler
                0x0000000008001180                USART2_IRQHandler
                0x0000000008001180                I2C2_ER_IRQHandler
                0x0000000008001180                DMA2_Stream1_IRQHandler
                0x0000000008001180                FLASH_IRQHandler
                0x0000000008001180                DMA2_Stream4_IRQHandler
                0x0000000008001180                OTG_FS_IRQHandler
                0x0000000008001180                SPI3_IRQHandler
                0x0000000008001180                DMA1_Stream4_IRQHandler
                0x0000000008001180                I2C1_ER_IRQHandler
                0x0000000008001180                DMA2_Stream6_IRQHandler
                0x0000000008001180                DMA1_Stream3_IRQHandler
 *fill*         0x0000000008001182        0x2 
 .text.HAL_Init
                0x0000000008001184       0x44 ./Drivers/STM32F4xx_HAL_Driver/Src/stm32f4xx_hal.o
                0x0000000008001184                HAL_Init
 .text.HAL_InitTick
                0x00000000080011c8       0x60 ./Drivers/STM32F4xx_HAL_Driver/Src/stm32f4xx_hal.o
                0x00000000080011c8                HAL_InitTick
 .text.HAL_IncTick
                0x0000000008001228       0x28 ./Drivers/STM32F4xx_HAL_Driver/Src/stm32f4xx_hal.o
                0x0000000008001228                HAL_IncTick
 .text.HAL_GetTick
                0x0000000008001250       0x18 ./Drivers/STM32F4xx_HAL_Driver/Src/stm32f4xx_hal.o
                0x0000000008001250                HAL_GetTick
 .text.HAL_Delay
                0x0000000008001268       0x48 ./Drivers/STM32F4xx_HAL_Driver/Src/stm32f4xx_hal.o
                0x0000000008001268                HAL_Delay
 .text.HAL_ADC_Init
                0x00000000080012b0       0x86 ./Drivers/STM32F4xx_HAL_Driver/Src/stm32f4xx_hal_adc.o
                0x00000000080012b0                HAL_ADC_Init
 *fill*         0x0000000008001336        0x2 
 .text.HAL_ADC_Start
                0x0000000008001338      0x168 ./Drivers/STM32F4xx_HAL_Driver/Src/stm32f4xx_hal_adc.o
                0x0000000008001338                HAL_ADC_Start
 .text.HAL_ADC_ConfigChannel
                0x00000000080014a0      0x244 ./Drivers/STM32F4xx_HAL_Driver/Src/stm32f4xx_hal_adc.o
                0x00000000080014a0                HAL_ADC_ConfigChannel
 .text.ADC_Init
                0x00000000080016e4      0x1f8 ./Drivers/STM32F4xx_HAL_Driver/Src/stm32f4xx_hal_adc.o
 .text.__NVIC_SetPriorityGrouping
                0x00000000080018dc       0x48 ./Drivers/STM32F4xx_HAL_Driver/Src/stm32f4xx_hal_cortex.o
 .text.__NVIC_GetPriorityGrouping
                0x0000000008001924       0x1c ./Drivers/STM32F4xx_HAL_Driver/Src/stm32f4xx_hal_cortex.o
 .text.__NVIC_EnableIRQ
                0x0000000008001940       0x3c ./Drivers/STM32F4xx_HAL_Driver/Src/stm32f4xx_hal_cortex.o
 .text.__NVIC_SetPriority
                0x000000000800197c       0x54 ./Drivers/STM32F4xx_HAL_Driver/Src/stm32f4xx_hal_cortex.o
 .text.NVIC_EncodePriority
                0x00000000080019d0       0x66 ./Drivers/STM32F4xx_HAL_Driver/Src/stm32f4xx_hal_cortex.o
 *fill*         0x0000000008001a36        0x2 
 .text.SysTick_Config
                0x0000000008001a38       0x44 ./Drivers/STM32F4xx_HAL_Driver/Src/stm32f4xx_hal_cortex.o
 .text.HAL_NVIC_SetPriorityGrouping
                0x0000000008001a7c       0x16 ./Drivers/STM32F4xx_HAL_Driver/Src/stm32f4xx_hal_cortex.o
                0x0000000008001a7c                HAL_NVIC_SetPriorityGrouping
 .text.HAL_NVIC_SetPriority
                0x0000000008001a92       0x38 ./Drivers/STM32F4xx_HAL_Driver/Src/stm32f4xx_hal_cortex.o
                0x0000000008001a92                HAL_NVIC_SetPriority
 .text.HAL_NVIC_EnableIRQ
                0x0000000008001aca       0x1c ./Drivers/STM32F4xx_HAL_Driver/Src/stm32f4xx_hal_cortex.o
                0x0000000008001aca                HAL_NVIC_EnableIRQ
 .text.HAL_SYSTICK_Config
                0x0000000008001ae6       0x18 ./Drivers/STM32F4xx_HAL_Driver/Src/stm32f4xx_hal_cortex.o
                0x0000000008001ae6                HAL_SYSTICK_Config
 *fill*         0x0000000008001afe        0x2 
 .text.HAL_DMA_Init
                0x0000000008001b00      0x15c ./Drivers/STM32F4xx_HAL_Driver/Src/stm32f4xx_hal_dma.o
                0x0000000008001b00                HAL_DMA_Init
 .text.HAL_DMA_Abort
                0x0000000008001c5c       0xe0 ./Drivers/STM32F4xx_HAL_Driver/Src/stm32f4xx_hal_dma.o
                0x0000000008001c5c                HAL_DMA_Abort
 .text.HAL_DMA_Abort_IT
                0x0000000008001d3c       0x44 ./Drivers/STM32F4xx_HAL_Driver/Src/stm32f4xx_hal_dma.o
                0x0000000008001d3c                HAL_DMA_Abort_IT
 .text.HAL_DMA_IRQHandler
                0x0000000008001d80      0x314 ./Drivers/STM32F4xx_HAL_Driver/Src/stm32f4xx_hal_dma.o
                0x0000000008001d80                HAL_DMA_IRQHandler
 .text.DMA_CalcBaseAndBitshift
                0x0000000008002094       0x6c ./Drivers/STM32F4xx_HAL_Driver/Src/stm32f4xx_hal_dma.o
 .text.DMA_CheckFifoParam
                0x0000000008002100       0xf8 ./Drivers/STM32F4xx_HAL_Driver/Src/stm32f4xx_hal_dma.o
 .text.HAL_GPIO_Init
                0x00000000080021f8      0x308 ./Drivers/STM32F4xx_HAL_Driver/Src/stm32f4xx_hal_gpio.o
                0x00000000080021f8                HAL_GPIO_Init
 .text.HAL_GPIO_WritePin
                0x0000000008002500       0x32 ./Drivers/STM32F4xx_HAL_Driver/Src/stm32f4xx_hal_gpio.o
                0x0000000008002500                HAL_GPIO_WritePin
 *fill*         0x0000000008002532        0x2 
 .text.HAL_RCC_OscConfig
                0x0000000008002534      0x4f0 ./Drivers/STM32F4xx_HAL_Driver/Src/stm32f4xx_hal_rcc.o
                0x0000000008002534                HAL_RCC_OscConfig
 .text.HAL_RCC_ClockConfig
                0x0000000008002a24      0x1cc ./Drivers/STM32F4xx_HAL_Driver/Src/stm32f4xx_hal_rcc.o
                0x0000000008002a24                HAL_RCC_ClockConfig
 .text.HAL_RCC_GetSysClockFreq
                0x0000000008002bf0      0x18c ./Drivers/STM32F4xx_HAL_Driver/Src/stm32f4xx_hal_rcc.o
                0x0000000008002bf0                HAL_RCC_GetSysClockFreq
 .text.HAL_RCC_GetHCLKFreq
                0x0000000008002d7c       0x18 ./Drivers/STM32F4xx_HAL_Driver/Src/stm32f4xx_hal_rcc.o
                0x0000000008002d7c                HAL_RCC_GetHCLKFreq
 .text.HAL_RCC_GetPCLK1Freq
                0x0000000008002d94       0x28 ./Drivers/STM32F4xx_HAL_Driver/Src/stm32f4xx_hal_rcc.o
                0x0000000008002d94                HAL_RCC_GetPCLK1Freq
 .text.HAL_RCC_GetPCLK2Freq
                0x0000000008002dbc       0x28 ./Drivers/STM32F4xx_HAL_Driver/Src/stm32f4xx_hal_rcc.o
                0x0000000008002dbc                HAL_RCC_GetPCLK2Freq
 .text.HAL_TIM_Base_Init
                0x0000000008002de4       0x9e ./Drivers/STM32F4xx_HAL_Driver/Src/stm32f4xx_hal_tim.o
                0x0000000008002de4                HAL_TIM_Base_Init
 .text.HAL_TIM_PWM_Init
                0x0000000008002e82       0x9e ./Drivers/STM32F4xx_HAL_Driver/Src/stm32f4xx_hal_tim.o
                0x0000000008002e82                HAL_TIM_PWM_Init
 .text.HAL_TIM_PWM_MspInit
                0x0000000008002f20       0x14 ./Drivers/STM32F4xx_HAL_Driver/Src/stm32f4xx_hal_tim.o
                0x0000000008002f20                HAL_TIM_PWM_MspInit
 .text.HAL_TIM_PWM_Start
                0x0000000008002f34      0x160 ./Drivers/STM32F4xx_HAL_Driver/Src/stm32f4xx_hal_tim.o
                0x0000000008002f34                HAL_TIM_PWM_Start
 .text.HAL_TIM_PWM_ConfigChannel
                0x0000000008003094      0x184 ./Drivers/STM32F4xx_HAL_Driver/Src/stm32f4xx_hal_tim.o
                0x0000000008003094                HAL_TIM_PWM_ConfigChannel
 .text.HAL_TIM_ConfigClockSource
                0x0000000008003218      0x18e ./Drivers/STM32F4xx_HAL_Driver/Src/stm32f4xx_hal_tim.o
                0x0000000008003218                HAL_TIM_ConfigClockSource
 *fill*         0x00000000080033a6        0x2 
 .text.TIM_Base_SetConfig
                0x00000000080033a8      0x100 ./Drivers/STM32F4xx_HAL_Driver/Src/stm32f4xx_hal_tim.o
                0x00000000080033a8                TIM_Base_SetConfig
 .text.TIM_OC1_SetConfig
                0x00000000080034a8       0xcc ./Drivers/STM32F4xx_HAL_Driver/Src/stm32f4xx_hal_tim.o
 .text.TIM_OC2_SetConfig
                0x0000000008003574       0xd8 ./Drivers/STM32F4xx_HAL_Driver/Src/stm32f4xx_hal_tim.o
                0x0000000008003574                TIM_OC2_SetConfig
 .text.TIM_OC3_SetConfig
                0x000000000800364c       0xd4 ./Drivers/STM32F4xx_HAL_Driver/Src/stm32f4xx_hal_tim.o
 .text.TIM_OC4_SetConfig
                0x0000000008003720       0xa0 ./Drivers/STM32F4xx_HAL_Driver/Src/stm32f4xx_hal_tim.o
 .text.TIM_TI1_ConfigInputStage
                0x00000000080037c0       0x5e ./Drivers/STM32F4xx_HAL_Driver/Src/stm32f4xx_hal_tim.o
 .text.TIM_TI2_ConfigInputStage
                0x000000000800381e       0x60 ./Drivers/STM32F4xx_HAL_Driver/Src/stm32f4xx_hal_tim.o
 .text.TIM_ITRx_SetConfig
                0x000000000800387e       0x36 ./Drivers/STM32F4xx_HAL_Driver/Src/stm32f4xx_hal_tim.o
 .text.TIM_ETR_SetConfig
                0x00000000080038b4       0x40 ./Drivers/STM32F4xx_HAL_Driver/Src/stm32f4xx_hal_tim.o
                0x00000000080038b4                TIM_ETR_SetConfig
 .text.TIM_CCxChannelCmd
                0x00000000080038f4       0x4a ./Drivers/STM32F4xx_HAL_Driver/Src/stm32f4xx_hal_tim.o
                0x00000000080038f4                TIM_CCxChannelCmd
 *fill*         0x000000000800393e        0x2 
 .text.HAL_TIMEx_MasterConfigSynchronization
                0x0000000008003940       0xdc ./Drivers/STM32F4xx_HAL_Driver/Src/stm32f4xx_hal_tim_ex.o
                0x0000000008003940                HAL_TIMEx_MasterConfigSynchronization
 .text.HAL_TIMEx_ConfigBreakDeadTime
                0x0000000008003a1c       0xa4 ./Drivers/STM32F4xx_HAL_Driver/Src/stm32f4xx_hal_tim_ex.o
                0x0000000008003a1c                HAL_TIMEx_ConfigBreakDeadTime
 .text.HAL_UART_Init
                0x0000000008003ac0       0x9a ./Drivers/STM32F4xx_HAL_Driver/Src/stm32f4xx_hal_uart.o
                0x0000000008003ac0                HAL_UART_Init
 .text.HAL_UART_Transmit
                0x0000000008003b5a      0x124 ./Drivers/STM32F4xx_HAL_Driver/Src/stm32f4xx_hal_uart.o
                0x0000000008003b5a                HAL_UART_Transmit
 .text.HAL_UART_Receive_IT
                0x0000000008003c7e       0x60 ./Drivers/STM32F4xx_HAL_Driver/Src/stm32f4xx_hal_uart.o
                0x0000000008003c7e                HAL_UART_Receive_IT
 *fill*         0x0000000008003cde        0x2 
 .text.HAL_UART_IRQHandler
                0x0000000008003ce0      0x51c ./Drivers/STM32F4xx_HAL_Driver/Src/stm32f4xx_hal_uart.o
                0x0000000008003ce0                HAL_UART_IRQHandler
 .text.HAL_UART_TxCpltCallback
                0x00000000080041fc       0x14 ./Drivers/STM32F4xx_HAL_Driver/Src/stm32f4xx_hal_uart.o
                0x00000000080041fc                HAL_UART_TxCpltCallback
 .text.HAL_UART_ErrorCallback
                0x0000000008004210       0x14 ./Drivers/STM32F4xx_HAL_Driver/Src/stm32f4xx_hal_uart.o
                0x0000000008004210                HAL_UART_ErrorCallback
 .text.HAL_UARTEx_RxEventCallback
                0x0000000008004224       0x18 ./Drivers/STM32F4xx_HAL_Driver/Src/stm32f4xx_hal_uart.o
                0x0000000008004224                HAL_UARTEx_RxEventCallback
 .text.UART_WaitOnFlagUntilTimeout
                0x000000000800423c       0xdc ./Drivers/STM32F4xx_HAL_Driver/Src/stm32f4xx_hal_uart.o
 .text.UART_Start_Receive_IT
                0x0000000008004318       0x7c ./Drivers/STM32F4xx_HAL_Driver/Src/stm32f4xx_hal_uart.o
                0x0000000008004318                UART_Start_Receive_IT
 .text.UART_EndRxTransfer
                0x0000000008004394       0xc6 ./Drivers/STM32F4xx_HAL_Driver/Src/stm32f4xx_hal_uart.o
 .text.UART_DMAAbortOnError
                0x000000000800445a       0x28 ./Drivers/STM32F4xx_HAL_Driver/Src/stm32f4xx_hal_uart.o
 .text.UART_Transmit_IT
                0x0000000008004482       0xa0 ./Drivers/STM32F4xx_HAL_Driver/Src/stm32f4xx_hal_uart.o
 .text.UART_EndTransmit_IT
                0x0000000008004522       0x30 ./Drivers/STM32F4xx_HAL_Driver/Src/stm32f4xx_hal_uart.o
 .text.UART_Receive_IT
                0x0000000008004552      0x176 ./Drivers/STM32F4xx_HAL_Driver/Src/stm32f4xx_hal_uart.o
 .text.UART_SetConfig
                0x00000000080046c8      0x4e8 ./Drivers/STM32F4xx_HAL_Driver/Src/stm32f4xx_hal_uart.o
 .text.memset   0x0000000008004bb0       0x10 D:/STM32CubeIDE_1.14.0/STM32CubeIDE/plugins/com.st.stm32cube.ide.mcu.externaltools.gnu-tools-for-stm32.11.3.rel1.win32_1.1.100.202309141235/tools/bin/../lib/gcc/arm-none-eabi/11.3.1/../../../../arm-none-eabi/lib/thumb/v7e-m+fp/hard\libc_nano.a(libc_a-memset.o)
                0x0000000008004bb0                memset
 .text.__libc_init_array
                0x0000000008004bc0       0x48 D:/STM32CubeIDE_1.14.0/STM32CubeIDE/plugins/com.st.stm32cube.ide.mcu.externaltools.gnu-tools-for-stm32.11.3.rel1.win32_1.1.100.202309141235/tools/bin/../lib/gcc/arm-none-eabi/11.3.1/../../../../arm-none-eabi/lib/thumb/v7e-m+fp/hard\libc_nano.a(libc_a-init.o)
                0x0000000008004bc0                __libc_init_array
 *(.glue_7)
 .glue_7        0x0000000008004c08        0x0 linker stubs
 *(.glue_7t)
 .glue_7t       0x0000000008004c08        0x0 linker stubs
 *(.eh_frame)
 .eh_frame      0x0000000008004c08        0x0 D:/STM32CubeIDE_1.14.0/STM32CubeIDE/plugins/com.st.stm32cube.ide.mcu.externaltools.gnu-tools-for-stm32.11.3.rel1.win32_1.1.100.202309141235/tools/bin/../lib/gcc/arm-none-eabi/11.3.1/thumb/v7e-m+fp/hard/crtbegin.o
 *(.init)
 .init          0x0000000008004c08        0x4 D:/STM32CubeIDE_1.14.0/STM32CubeIDE/plugins/com.st.stm32cube.ide.mcu.externaltools.gnu-tools-for-stm32.11.3.rel1.win32_1.1.100.202309141235/tools/bin/../lib/gcc/arm-none-eabi/11.3.1/thumb/v7e-m+fp/hard/crti.o
                0x0000000008004c08                _init
 .init          0x0000000008004c0c        0x8 D:/STM32CubeIDE_1.14.0/STM32CubeIDE/plugins/com.st.stm32cube.ide.mcu.externaltools.gnu-tools-for-stm32.11.3.rel1.win32_1.1.100.202309141235/tools/bin/../lib/gcc/arm-none-eabi/11.3.1/thumb/v7e-m+fp/hard/crtn.o
 *(.fini)
 .fini          0x0000000008004c14        0x4 D:/STM32CubeIDE_1.14.0/STM32CubeIDE/plugins/com.st.stm32cube.ide.mcu.externaltools.gnu-tools-for-stm32.11.3.rel1.win32_1.1.100.202309141235/tools/bin/../lib/gcc/arm-none-eabi/11.3.1/thumb/v7e-m+fp/hard/crti.o
                0x0000000008004c14                _fini
 .fini          0x0000000008004c18        0x8 D:/STM32CubeIDE_1.14.0/STM32CubeIDE/plugins/com.st.stm32cube.ide.mcu.externaltools.gnu-tools-for-stm32.11.3.rel1.win32_1.1.100.202309141235/tools/bin/../lib/gcc/arm-none-eabi/11.3.1/thumb/v7e-m+fp/hard/crtn.o
                0x0000000008004c20                . = ALIGN (0x4)
                0x0000000008004c20                _etext = .

.vfp11_veneer   0x0000000008004c20        0x0
 .vfp11_veneer  0x0000000008004c20        0x0 linker stubs

.v4_bx          0x0000000008004c20        0x0
 .v4_bx         0x0000000008004c20        0x0 linker stubs

.iplt           0x0000000008004c20        0x0
 .iplt          0x0000000008004c20        0x0 D:/STM32CubeIDE_1.14.0/STM32CubeIDE/plugins/com.st.stm32cube.ide.mcu.externaltools.gnu-tools-for-stm32.11.3.rel1.win32_1.1.100.202309141235/tools/bin/../lib/gcc/arm-none-eabi/11.3.1/thumb/v7e-m+fp/hard/crtbegin.o

.rodata         0x0000000008004c20       0x24
                0x0000000008004c20                . = ALIGN (0x4)
 *(.rodata)
 .rodata        0x0000000008004c20        0x3 ./Core/Src/main.o
 *(.rodata*)
 *fill*         0x0000000008004c23        0x1 
 .rodata.AHBPrescTable
                0x0000000008004c24       0x10 ./Core/Src/system_stm32f4xx.o
                0x0000000008004c24                AHBPrescTable
 .rodata.APBPrescTable
                0x0000000008004c34        0x8 ./Core/Src/system_stm32f4xx.o
                0x0000000008004c34                APBPrescTable
 .rodata.flagBitshiftOffset.0
                0x0000000008004c3c        0x8 ./Drivers/STM32F4xx_HAL_Driver/Src/stm32f4xx_hal_dma.o
                0x0000000008004c44                . = ALIGN (0x4)

.ARM.extab      0x0000000008004c44        0x0
                0x0000000008004c44                . = ALIGN (0x4)
 *(.ARM.extab* .gnu.linkonce.armextab.*)
                0x0000000008004c44                . = ALIGN (0x4)

.ARM            0x0000000008004c44        0x8
                0x0000000008004c44                . = ALIGN (0x4)
                0x0000000008004c44                __exidx_start = .
 *(.ARM.exidx*)
 .ARM.exidx     0x0000000008004c44        0x8 D:/STM32CubeIDE_1.14.0/STM32CubeIDE/plugins/com.st.stm32cube.ide.mcu.externaltools.gnu-tools-for-stm32.11.3.rel1.win32_1.1.100.202309141235/tools/bin/../lib/gcc/arm-none-eabi/11.3.1/thumb/v7e-m+fp/hard\libgcc.a(_udivmoddi4.o)
                0x0000000008004c4c                __exidx_end = .
                0x0000000008004c4c                . = ALIGN (0x4)

.rel.dyn        0x0000000008004c4c        0x0
 .rel.iplt      0x0000000008004c4c        0x0 D:/STM32CubeIDE_1.14.0/STM32CubeIDE/plugins/com.st.stm32cube.ide.mcu.externaltools.gnu-tools-for-stm32.11.3.rel1.win32_1.1.100.202309141235/tools/bin/../lib/gcc/arm-none-eabi/11.3.1/thumb/v7e-m+fp/hard/crtbegin.o

.preinit_array  0x0000000008004c4c        0x0
                0x0000000008004c4c                . = ALIGN (0x4)
                0x0000000008004c4c                PROVIDE (__preinit_array_start = .)
 *(.preinit_array*)
                0x0000000008004c4c                PROVIDE (__preinit_array_end = .)
                0x0000000008004c4c                . = ALIGN (0x4)

.init_array     0x0000000008004c4c        0x4
                0x0000000008004c4c                . = ALIGN (0x4)
                0x0000000008004c4c                PROVIDE (__init_array_start = .)
 *(SORT_BY_NAME(.init_array.*))
 *(.init_array*)
 .init_array    0x0000000008004c4c        0x4 D:/STM32CubeIDE_1.14.0/STM32CubeIDE/plugins/com.st.stm32cube.ide.mcu.externaltools.gnu-tools-for-stm32.11.3.rel1.win32_1.1.100.202309141235/tools/bin/../lib/gcc/arm-none-eabi/11.3.1/thumb/v7e-m+fp/hard/crtbegin.o
                0x0000000008004c50                PROVIDE (__init_array_end = .)
                0x0000000008004c50                . = ALIGN (0x4)

.fini_array     0x0000000008004c50        0x4
                0x0000000008004c50                . = ALIGN (0x4)
                [!provide]                        PROVIDE (__fini_array_start = .)
 *(SORT_BY_NAME(.fini_array.*))
 *(.fini_array*)
 .fini_array    0x0000000008004c50        0x4 D:/STM32CubeIDE_1.14.0/STM32CubeIDE/plugins/com.st.stm32cube.ide.mcu.externaltools.gnu-tools-for-stm32.11.3.rel1.win32_1.1.100.202309141235/tools/bin/../lib/gcc/arm-none-eabi/11.3.1/thumb/v7e-m+fp/hard/crtbegin.o
                [!provide]                        PROVIDE (__fini_array_end = .)
                0x0000000008004c54                . = ALIGN (0x4)
                0x0000000008004c54                _sidata = LOADADDR (.data)

.data           0x0000000020000000        0xc load address 0x0000000008004c54
                0x0000000020000000                . = ALIGN (0x4)
                0x0000000020000000                _sdata = .
 *(.data)
 *(.data*)
 .data.SystemCoreClock
                0x0000000020000000        0x4 ./Core/Src/system_stm32f4xx.o
                0x0000000020000000                SystemCoreClock
 .data.uwTickPrio
                0x0000000020000004        0x4 ./Drivers/STM32F4xx_HAL_Driver/Src/stm32f4xx_hal.o
                0x0000000020000004                uwTickPrio
 .data.uwTickFreq
                0x0000000020000008        0x1 ./Drivers/STM32F4xx_HAL_Driver/Src/stm32f4xx_hal.o
                0x0000000020000008                uwTickFreq
 *(.RamFunc)
 *(.RamFunc*)
                0x000000002000000c                . = ALIGN (0x4)
 *fill*         0x0000000020000009        0x3 
                0x000000002000000c                _edata = .

.igot.plt       0x000000002000000c        0x0 load address 0x0000000008004c60
 .igot.plt      0x000000002000000c        0x0 D:/STM32CubeIDE_1.14.0/STM32CubeIDE/plugins/com.st.stm32cube.ide.mcu.externaltools.gnu-tools-for-stm32.11.3.rel1.win32_1.1.100.202309141235/tools/bin/../lib/gcc/arm-none-eabi/11.3.1/thumb/v7e-m+fp/hard/crtbegin.o
                0x000000002000000c                . = ALIGN (0x4)

.bss            0x000000002000000c      0x3cc load address 0x0000000008004c60
                0x000000002000000c                _sbss = .
                0x000000002000000c                __bss_start__ = _sbss
 *(.bss)
 .bss           0x000000002000000c       0x1c D:/STM32CubeIDE_1.14.0/STM32CubeIDE/plugins/com.st.stm32cube.ide.mcu.externaltools.gnu-tools-for-stm32.11.3.rel1.win32_1.1.100.202309141235/tools/bin/../lib/gcc/arm-none-eabi/11.3.1/thumb/v7e-m+fp/hard/crtbegin.o
 *(.bss*)
 .bss.hadc1     0x0000000020000028       0x48 ./Core/Src/main.o
                0x0000000020000028                hadc1
 .bss.hdma_adc1
                0x0000000020000070       0x60 ./Core/Src/main.o
                0x0000000020000070                hdma_adc1
 .bss.htim1     0x00000000200000d0       0x48 ./Core/Src/main.o
                0x00000000200000d0                htim1
 .bss.htim2     0x0000000020000118       0x48 ./Core/Src/main.o
                0x0000000020000118                htim2
 .bss.huart1    0x0000000020000160       0x44 ./Core/Src/main.o
                0x0000000020000160                huart1
 .bss.UARTRecieveBuffer
                0x00000000200001a4        0xa ./Core/Src/main.o
                0x00000000200001a4                UARTRecieveBuffer
 .bss.UARTBufIterator
                0x00000000200001ae        0x1 ./Core/Src/main.o
                0x00000000200001ae                UARTBufIterator
 *fill*         0x00000000200001af        0x1 
 .bss.lcd       0x00000000200001b0      0x1f9 ./Core/Src/nokia5110_LCD.o
                0x00000000200001b0                lcd
 *fill*         0x00000000200003a9        0x3 
 .bss.lcd_gpio  0x00000000200003ac       0x28 ./Core/Src/nokia5110_LCD.o
                0x00000000200003ac                lcd_gpio
 .bss.uwTick    0x00000000200003d4        0x4 ./Drivers/STM32F4xx_HAL_Driver/Src/stm32f4xx_hal.o
                0x00000000200003d4                uwTick
 *(COMMON)
                0x00000000200003d8                . = ALIGN (0x4)
                0x00000000200003d8                _ebss = .
                0x00000000200003d8                __bss_end__ = _ebss

._user_heap_stack
                0x00000000200003d8      0x600 load address 0x0000000008004c60
                0x00000000200003d8                . = ALIGN (0x8)
                [!provide]                        PROVIDE (end = .)
                0x00000000200003d8                PROVIDE (_end = .)
                0x00000000200005d8                . = (. + _Min_Heap_Size)
 *fill*         0x00000000200003d8      0x200 
                0x00000000200009d8                . = (. + _Min_Stack_Size)
 *fill*         0x00000000200005d8      0x400 
                0x00000000200009d8                . = ALIGN (0x8)

/DISCARD/
 libc.a(*)
 libm.a(*)
 libgcc.a(*)

.ARM.attributes
                0x0000000000000000       0x30
 *(.ARM.attributes)
 .ARM.attributes
                0x0000000000000000       0x1e D:/STM32CubeIDE_1.14.0/STM32CubeIDE/plugins/com.st.stm32cube.ide.mcu.externaltools.gnu-tools-for-stm32.11.3.rel1.win32_1.1.100.202309141235/tools/bin/../lib/gcc/arm-none-eabi/11.3.1/thumb/v7e-m+fp/hard/crti.o
 .ARM.attributes
                0x000000000000001e       0x34 D:/STM32CubeIDE_1.14.0/STM32CubeIDE/plugins/com.st.stm32cube.ide.mcu.externaltools.gnu-tools-for-stm32.11.3.rel1.win32_1.1.100.202309141235/tools/bin/../lib/gcc/arm-none-eabi/11.3.1/thumb/v7e-m+fp/hard/crtbegin.o
 .ARM.attributes
                0x0000000000000052       0x34 ./Core/Src/main.o
 .ARM.attributes
                0x0000000000000086       0x34 ./Core/Src/nokia5110_LCD.o
 .ARM.attributes
                0x00000000000000ba       0x34 ./Core/Src/stm32f4xx_hal_msp.o
 .ARM.attributes
                0x00000000000000ee       0x34 ./Core/Src/stm32f4xx_it.o
 .ARM.attributes
                0x0000000000000122       0x34 ./Core/Src/system_stm32f4xx.o
 .ARM.attributes
                0x0000000000000156       0x21 ./Core/Startup/startup_stm32f401retx.o
 .ARM.attributes
                0x0000000000000177       0x34 ./Drivers/STM32F4xx_HAL_Driver/Src/stm32f4xx_hal.o
 .ARM.attributes
                0x00000000000001ab       0x34 ./Drivers/STM32F4xx_HAL_Driver/Src/stm32f4xx_hal_adc.o
 .ARM.attributes
                0x00000000000001df       0x34 ./Drivers/STM32F4xx_HAL_Driver/Src/stm32f4xx_hal_cortex.o
 .ARM.attributes
                0x0000000000000213       0x34 ./Drivers/STM32F4xx_HAL_Driver/Src/stm32f4xx_hal_dma.o
 .ARM.attributes
                0x0000000000000247       0x34 ./Drivers/STM32F4xx_HAL_Driver/Src/stm32f4xx_hal_gpio.o
 .ARM.attributes
                0x000000000000027b       0x34 ./Drivers/STM32F4xx_HAL_Driver/Src/stm32f4xx_hal_rcc.o
 .ARM.attributes
                0x00000000000002af       0x34 ./Drivers/STM32F4xx_HAL_Driver/Src/stm32f4xx_hal_tim.o
 .ARM.attributes
                0x00000000000002e3       0x34 ./Drivers/STM32F4xx_HAL_Driver/Src/stm32f4xx_hal_tim_ex.o
 .ARM.attributes
                0x0000000000000317       0x34 ./Drivers/STM32F4xx_HAL_Driver/Src/stm32f4xx_hal_uart.o
 .ARM.attributes
                0x000000000000034b       0x34 D:/STM32CubeIDE_1.14.0/STM32CubeIDE/plugins/com.st.stm32cube.ide.mcu.externaltools.gnu-tools-for-stm32.11.3.rel1.win32_1.1.100.202309141235/tools/bin/../lib/gcc/arm-none-eabi/11.3.1/../../../../arm-none-eabi/lib/thumb/v7e-m+fp/hard\libc_nano.a(libc_a-memset.o)
 .ARM.attributes
                0x000000000000037f       0x34 D:/STM32CubeIDE_1.14.0/STM32CubeIDE/plugins/com.st.stm32cube.ide.mcu.externaltools.gnu-tools-for-stm32.11.3.rel1.win32_1.1.100.202309141235/tools/bin/../lib/gcc/arm-none-eabi/11.3.1/../../../../arm-none-eabi/lib/thumb/v7e-m+fp/hard\libc_nano.a(libc_a-init.o)
 .ARM.attributes
                0x00000000000003b3       0x1e D:/STM32CubeIDE_1.14.0/STM32CubeIDE/plugins/com.st.stm32cube.ide.mcu.externaltools.gnu-tools-for-stm32.11.3.rel1.win32_1.1.100.202309141235/tools/bin/../lib/gcc/arm-none-eabi/11.3.1/thumb/v7e-m+fp/hard\libgcc.a(_aeabi_uldivmod.o)
 .ARM.attributes
                0x00000000000003d1       0x34 D:/STM32CubeIDE_1.14.0/STM32CubeIDE/plugins/com.st.stm32cube.ide.mcu.externaltools.gnu-tools-for-stm32.11.3.rel1.win32_1.1.100.202309141235/tools/bin/../lib/gcc/arm-none-eabi/11.3.1/thumb/v7e-m+fp/hard\libgcc.a(_udivmoddi4.o)
 .ARM.attributes
                0x0000000000000405       0x1e D:/STM32CubeIDE_1.14.0/STM32CubeIDE/plugins/com.st.stm32cube.ide.mcu.externaltools.gnu-tools-for-stm32.11.3.rel1.win32_1.1.100.202309141235/tools/bin/../lib/gcc/arm-none-eabi/11.3.1/thumb/v7e-m+fp/hard\libgcc.a(_dvmd_tls.o)
 .ARM.attributes
                0x0000000000000423       0x1e D:/STM32CubeIDE_1.14.0/STM32CubeIDE/plugins/com.st.stm32cube.ide.mcu.externaltools.gnu-tools-for-stm32.11.3.rel1.win32_1.1.100.202309141235/tools/bin/../lib/gcc/arm-none-eabi/11.3.1/thumb/v7e-m+fp/hard/crtn.o
OUTPUT(led-project.elf elf32-littlearm)
LOAD linker stubs
LOAD D:/STM32CubeIDE_1.14.0/STM32CubeIDE/plugins/com.st.stm32cube.ide.mcu.externaltools.gnu-tools-for-stm32.11.3.rel1.win32_1.1.100.202309141235/tools/bin/../lib/gcc/arm-none-eabi/11.3.1/../../../../arm-none-eabi/lib/thumb/v7e-m+fp/hard\libc.a
LOAD D:/STM32CubeIDE_1.14.0/STM32CubeIDE/plugins/com.st.stm32cube.ide.mcu.externaltools.gnu-tools-for-stm32.11.3.rel1.win32_1.1.100.202309141235/tools/bin/../lib/gcc/arm-none-eabi/11.3.1/../../../../arm-none-eabi/lib/thumb/v7e-m+fp/hard\libm.a
LOAD D:/STM32CubeIDE_1.14.0/STM32CubeIDE/plugins/com.st.stm32cube.ide.mcu.externaltools.gnu-tools-for-stm32.11.3.rel1.win32_1.1.100.202309141235/tools/bin/../lib/gcc/arm-none-eabi/11.3.1/thumb/v7e-m+fp/hard\libgcc.a

.comment        0x0000000000000000       0x43
 .comment       0x0000000000000000       0x43 D:/STM32CubeIDE_1.14.0/STM32CubeIDE/plugins/com.st.stm32cube.ide.mcu.externaltools.gnu-tools-for-stm32.11.3.rel1.win32_1.1.100.202309141235/tools/bin/../lib/gcc/arm-none-eabi/11.3.1/thumb/v7e-m+fp/hard/crtbegin.o
                                         0x44 (size before relaxing)
 .comment       0x0000000000000043       0x44 ./Core/Src/main.o
 .comment       0x0000000000000043       0x44 ./Core/Src/nokia5110_LCD.o
 .comment       0x0000000000000043       0x44 ./Core/Src/stm32f4xx_hal_msp.o
 .comment       0x0000000000000043       0x44 ./Core/Src/stm32f4xx_it.o
 .comment       0x0000000000000043       0x44 ./Core/Src/system_stm32f4xx.o
 .comment       0x0000000000000043       0x44 ./Drivers/STM32F4xx_HAL_Driver/Src/stm32f4xx_hal.o
 .comment       0x0000000000000043       0x44 ./Drivers/STM32F4xx_HAL_Driver/Src/stm32f4xx_hal_adc.o
 .comment       0x0000000000000043       0x44 ./Drivers/STM32F4xx_HAL_Driver/Src/stm32f4xx_hal_cortex.o
 .comment       0x0000000000000043       0x44 ./Drivers/STM32F4xx_HAL_Driver/Src/stm32f4xx_hal_dma.o
 .comment       0x0000000000000043       0x44 ./Drivers/STM32F4xx_HAL_Driver/Src/stm32f4xx_hal_gpio.o
 .comment       0x0000000000000043       0x44 ./Drivers/STM32F4xx_HAL_Driver/Src/stm32f4xx_hal_rcc.o
 .comment       0x0000000000000043       0x44 ./Drivers/STM32F4xx_HAL_Driver/Src/stm32f4xx_hal_tim.o
 .comment       0x0000000000000043       0x44 ./Drivers/STM32F4xx_HAL_Driver/Src/stm32f4xx_hal_tim_ex.o
 .comment       0x0000000000000043       0x44 ./Drivers/STM32F4xx_HAL_Driver/Src/stm32f4xx_hal_uart.o

.debug_info     0x0000000000000000     0xe8ec
 .debug_info    0x0000000000000000     0x19c1 ./Core/Src/main.o
 .debug_info    0x00000000000019c1      0x860 ./Core/Src/nokia5110_LCD.o
 .debug_info    0x0000000000002221     0x1266 ./Core/Src/stm32f4xx_hal_msp.o
 .debug_info    0x0000000000003487      0x64f ./Core/Src/stm32f4xx_it.o
 .debug_info    0x0000000000003ad6      0x53e ./Core/Src/system_stm32f4xx.o
 .debug_info    0x0000000000004014       0x23 ./Core/Startup/startup_stm32f401retx.o
 .debug_info    0x0000000000004037      0x8bb ./Drivers/STM32F4xx_HAL_Driver/Src/stm32f4xx_hal.o
 .debug_info    0x00000000000048f2      0xcd1 ./Drivers/STM32F4xx_HAL_Driver/Src/stm32f4xx_hal_adc.o
 .debug_info    0x00000000000055c3      0xcb0 ./Drivers/STM32F4xx_HAL_Driver/Src/stm32f4xx_hal_cortex.o
 .debug_info    0x0000000000006273      0x8e6 ./Drivers/STM32F4xx_HAL_Driver/Src/stm32f4xx_hal_dma.o
 .debug_info    0x0000000000006b59      0x6f9 ./Drivers/STM32F4xx_HAL_Driver/Src/stm32f4xx_hal_gpio.o
 .debug_info    0x0000000000007252      0x8f3 ./Drivers/STM32F4xx_HAL_Driver/Src/stm32f4xx_hal_rcc.o
 .debug_info    0x0000000000007b45     0x2941 ./Drivers/STM32F4xx_HAL_Driver/Src/stm32f4xx_hal_tim.o
 .debug_info    0x000000000000a486     0x14a7 ./Drivers/STM32F4xx_HAL_Driver/Src/stm32f4xx_hal_tim_ex.o
 .debug_info    0x000000000000b92d     0x2fbf ./Drivers/STM32F4xx_HAL_Driver/Src/stm32f4xx_hal_uart.o

.debug_abbrev   0x0000000000000000     0x2161
 .debug_abbrev  0x0000000000000000      0x352 ./Core/Src/main.o
 .debug_abbrev  0x0000000000000352      0x2ab ./Core/Src/nokia5110_LCD.o
 .debug_abbrev  0x00000000000005fd      0x25e ./Core/Src/stm32f4xx_hal_msp.o
 .debug_abbrev  0x000000000000085b      0x183 ./Core/Src/stm32f4xx_it.o
 .debug_abbrev  0x00000000000009de      0x11a ./Core/Src/system_stm32f4xx.o
 .debug_abbrev  0x0000000000000af8       0x12 ./Core/Startup/startup_stm32f401retx.o
 .debug_abbrev  0x0000000000000b0a      0x24b ./Drivers/STM32F4xx_HAL_Driver/Src/stm32f4xx_hal.o
 .debug_abbrev  0x0000000000000d55      0x20e ./Drivers/STM32F4xx_HAL_Driver/Src/stm32f4xx_hal_adc.o
 .debug_abbrev  0x0000000000000f63      0x327 ./Drivers/STM32F4xx_HAL_Driver/Src/stm32f4xx_hal_cortex.o
 .debug_abbrev  0x000000000000128a      0x221 ./Drivers/STM32F4xx_HAL_Driver/Src/stm32f4xx_hal_dma.o
 .debug_abbrev  0x00000000000014ab      0x1d3 ./Drivers/STM32F4xx_HAL_Driver/Src/stm32f4xx_hal_gpio.o
 .debug_abbrev  0x000000000000167e      0x2b5 ./Drivers/STM32F4xx_HAL_Driver/Src/stm32f4xx_hal_rcc.o
 .debug_abbrev  0x0000000000001933      0x284 ./Drivers/STM32F4xx_HAL_Driver/Src/stm32f4xx_hal_tim.o
 .debug_abbrev  0x0000000000001bb7      0x28f ./Drivers/STM32F4xx_HAL_Driver/Src/stm32f4xx_hal_tim_ex.o
 .debug_abbrev  0x0000000000001e46      0x31b ./Drivers/STM32F4xx_HAL_Driver/Src/stm32f4xx_hal_uart.o

.debug_aranges  0x0000000000000000      0xde8
 .debug_aranges
                0x0000000000000000       0x70 ./Core/Src/main.o
 .debug_aranges
                0x0000000000000070       0xc8 ./Core/Src/nokia5110_LCD.o
 .debug_aranges
                0x0000000000000138       0x58 ./Core/Src/stm32f4xx_hal_msp.o
 .debug_aranges
                0x0000000000000190       0x70 ./Core/Src/stm32f4xx_it.o
 .debug_aranges
                0x0000000000000200       0x28 ./Core/Src/system_stm32f4xx.o
 .debug_aranges
                0x0000000000000228       0x28 ./Core/Startup/startup_stm32f401retx.o
 .debug_aranges
                0x0000000000000250       0xf0 ./Drivers/STM32F4xx_HAL_Driver/Src/stm32f4xx_hal.o
 .debug_aranges
                0x0000000000000340       0xe8 ./Drivers/STM32F4xx_HAL_Driver/Src/stm32f4xx_hal_adc.o
 .debug_aranges
                0x0000000000000428      0x118 ./Drivers/STM32F4xx_HAL_Driver/Src/stm32f4xx_hal_cortex.o
 .debug_aranges
                0x0000000000000540       0x90 ./Drivers/STM32F4xx_HAL_Driver/Src/stm32f4xx_hal_dma.o
 .debug_aranges
                0x00000000000005d0       0x58 ./Drivers/STM32F4xx_HAL_Driver/Src/stm32f4xx_hal_gpio.o
 .debug_aranges
                0x0000000000000628       0x88 ./Drivers/STM32F4xx_HAL_Driver/Src/stm32f4xx_hal_rcc.o
 .debug_aranges
                0x00000000000006b0      0x3d0 ./Drivers/STM32F4xx_HAL_Driver/Src/stm32f4xx_hal_tim.o
 .debug_aranges
                0x0000000000000a80      0x168 ./Drivers/STM32F4xx_HAL_Driver/Src/stm32f4xx_hal_tim_ex.o
 .debug_aranges
                0x0000000000000be8      0x200 ./Drivers/STM32F4xx_HAL_Driver/Src/stm32f4xx_hal_uart.o

.debug_rnglists
                0x0000000000000000      0xaf6
 .debug_rnglists
                0x0000000000000000       0x55 ./Core/Src/main.o
 .debug_rnglists
                0x0000000000000055       0xa3 ./Core/Src/nokia5110_LCD.o
 .debug_rnglists
                0x00000000000000f8       0x3f ./Core/Src/stm32f4xx_hal_msp.o
 .debug_rnglists
                0x0000000000000137       0x4f ./Core/Src/stm32f4xx_it.o
 .debug_rnglists
                0x0000000000000186       0x1a ./Core/Src/system_stm32f4xx.o
 .debug_rnglists
                0x00000000000001a0       0x19 ./Core/Startup/startup_stm32f401retx.o
 .debug_rnglists
                0x00000000000001b9       0xaf ./Drivers/STM32F4xx_HAL_Driver/Src/stm32f4xx_hal.o
 .debug_rnglists
                0x0000000000000268       0xb5 ./Drivers/STM32F4xx_HAL_Driver/Src/stm32f4xx_hal_adc.o
 .debug_rnglists
                0x000000000000031d       0xce ./Drivers/STM32F4xx_HAL_Driver/Src/stm32f4xx_hal_cortex.o
 .debug_rnglists
                0x00000000000003eb       0x70 ./Drivers/STM32F4xx_HAL_Driver/Src/stm32f4xx_hal_dma.o
 .debug_rnglists
                0x000000000000045b       0x3f ./Drivers/STM32F4xx_HAL_Driver/Src/stm32f4xx_hal_gpio.o
 .debug_rnglists
                0x000000000000049a       0x66 ./Drivers/STM32F4xx_HAL_Driver/Src/stm32f4xx_hal_rcc.o
 .debug_rnglists
                0x0000000000000500      0x31a ./Drivers/STM32F4xx_HAL_Driver/Src/stm32f4xx_hal_tim.o
 .debug_rnglists
                0x000000000000081a      0x125 ./Drivers/STM32F4xx_HAL_Driver/Src/stm32f4xx_hal_tim_ex.o
 .debug_rnglists
                0x000000000000093f      0x1b7 ./Drivers/STM32F4xx_HAL_Driver/Src/stm32f4xx_hal_uart.o

.debug_macro    0x0000000000000000    0x17777
 .debug_macro   0x0000000000000000      0x372 ./Core/Src/main.o
 .debug_macro   0x0000000000000372      0xaa8 ./Core/Src/main.o
 .debug_macro   0x0000000000000e1a      0x2a1 ./Core/Src/main.o
 .debug_macro   0x00000000000010bb       0x2e ./Core/Src/main.o
 .debug_macro   0x00000000000010e9       0x28 ./Core/Src/main.o
 .debug_macro   0x0000000000001111       0x22 ./Core/Src/main.o
 .debug_macro   0x0000000000001133       0x8e ./Core/Src/main.o
 .debug_macro   0x00000000000011c1       0x51 ./Core/Src/main.o
 .debug_macro   0x0000000000001212      0x103 ./Core/Src/main.o
 .debug_macro   0x0000000000001315       0x6a ./Core/Src/main.o
 .debug_macro   0x000000000000137f      0x1df ./Core/Src/main.o
 .debug_macro   0x000000000000155e       0x1c ./Core/Src/main.o
 .debug_macro   0x000000000000157a       0x22 ./Core/Src/main.o
 .debug_macro   0x000000000000159c       0xd9 ./Core/Src/main.o
 .debug_macro   0x0000000000001675     0x102d ./Core/Src/main.o
 .debug_macro   0x00000000000026a2      0x11f ./Core/Src/main.o
 .debug_macro   0x00000000000027c1     0xb86c ./Core/Src/main.o
 .debug_macro   0x000000000000e02d       0x6d ./Core/Src/main.o
 .debug_macro   0x000000000000e09a     0x367e ./Core/Src/main.o
 .debug_macro   0x0000000000011718      0x174 ./Core/Src/main.o
 .debug_macro   0x000000000001188c       0x5c ./Core/Src/main.o
 .debug_macro   0x00000000000118e8      0x416 ./Core/Src/main.o
 .debug_macro   0x0000000000011cfe      0x9fe ./Core/Src/main.o
 .debug_macro   0x00000000000126fc      0x115 ./Core/Src/main.o
 .debug_macro   0x0000000000012811       0xf8 ./Core/Src/main.o
 .debug_macro   0x0000000000012909       0xa5 ./Core/Src/main.o
 .debug_macro   0x00000000000129ae      0x15f ./Core/Src/main.o
 .debug_macro   0x0000000000012b0d      0x287 ./Core/Src/main.o
 .debug_macro   0x0000000000012d94       0x5f ./Core/Src/main.o
 .debug_macro   0x0000000000012df3      0x236 ./Core/Src/main.o
 .debug_macro   0x0000000000013029      0x9e1 ./Core/Src/main.o
 .debug_macro   0x0000000000013a0a      0x38b ./Core/Src/main.o
 .debug_macro   0x0000000000013d95      0x176 ./Core/Src/main.o
 .debug_macro   0x0000000000013f0b       0xf9 ./Core/Src/main.o
 .debug_macro   0x0000000000014004      0x132 ./Core/Src/main.o
 .debug_macro   0x0000000000014136      0x264 ./Core/Src/main.o
 .debug_macro   0x000000000001439a       0x2e ./Core/Src/main.o
 .debug_macro   0x00000000000143c8      0x11a ./Core/Src/main.o
 .debug_macro   0x00000000000144e2       0x85 ./Core/Src/main.o
 .debug_macro   0x0000000000014567       0x89 ./Core/Src/main.o
 .debug_macro   0x00000000000145f0      0x8e6 ./Core/Src/main.o
 .debug_macro   0x0000000000014ed6       0x47 ./Core/Src/main.o
 .debug_macro   0x0000000000014f1d      0x295 ./Core/Src/main.o
 .debug_macro   0x00000000000151b2      0x126 ./Core/Src/main.o
 .debug_macro   0x00000000000152d8       0x22 ./Core/Src/main.o
 .debug_macro   0x00000000000152fa       0x46 ./Core/Src/main.o
 .debug_macro   0x0000000000015340       0x2a ./Core/Src/main.o
 .debug_macro   0x000000000001536a       0x61 ./Core/Src/main.o
 .debug_macro   0x00000000000153cb       0x43 ./Core/Src/main.o
 .debug_macro   0x000000000001540e       0x34 ./Core/Src/main.o
 .debug_macro   0x0000000000015442       0x16 ./Core/Src/main.o
 .debug_macro   0x0000000000015458       0x35 ./Core/Src/main.o
 .debug_macro   0x000000000001548d       0x16 ./Core/Src/main.o
 .debug_macro   0x00000000000154a3       0x43 ./Core/Src/main.o
 .debug_macro   0x00000000000154e6       0x34 ./Core/Src/main.o
 .debug_macro   0x000000000001551a       0x10 ./Core/Src/main.o
 .debug_macro   0x000000000001552a       0x58 ./Core/Src/main.o
 .debug_macro   0x0000000000015582       0x8e ./Core/Src/main.o
 .debug_macro   0x0000000000015610       0x1c ./Core/Src/main.o
 .debug_macro   0x000000000001562c      0x177 ./Core/Src/main.o
 .debug_macro   0x00000000000157a3      0x369 ./Core/Src/main.o
 .debug_macro   0x0000000000015b0c       0x16 ./Core/Src/main.o
 .debug_macro   0x0000000000015b22       0x29 ./Core/Src/main.o
 .debug_macro   0x0000000000015b4b       0x1c ./Core/Src/main.o
 .debug_macro   0x0000000000015b67       0x10 ./Core/Src/main.o
 .debug_macro   0x0000000000015b77       0x1c ./Core/Src/main.o
 .debug_macro   0x0000000000015b93       0x16 ./Core/Src/main.o
 .debug_macro   0x0000000000015ba9      0x147 ./Core/Src/main.o
 .debug_macro   0x0000000000015cf0       0x16 ./Core/Src/main.o
 .debug_macro   0x0000000000015d06       0x20 ./Core/Src/main.o
 .debug_macro   0x0000000000015d26      0x212 ./Core/Src/nokia5110_LCD.o
 .debug_macro   0x0000000000015f38      0x200 ./Core/Src/stm32f4xx_hal_msp.o
 .debug_macro   0x0000000000016138      0x210 ./Core/Src/stm32f4xx_it.o
 .debug_macro   0x0000000000016348      0x1f6 ./Core/Src/system_stm32f4xx.o
 .debug_macro   0x000000000001653e      0x256 ./Drivers/STM32F4xx_HAL_Driver/Src/stm32f4xx_hal.o
 .debug_macro   0x0000000000016794      0x1f7 ./Drivers/STM32F4xx_HAL_Driver/Src/stm32f4xx_hal_adc.o
 .debug_macro   0x000000000001698b      0x1f6 ./Drivers/STM32F4xx_HAL_Driver/Src/stm32f4xx_hal_cortex.o
 .debug_macro   0x0000000000016b81      0x1fc ./Drivers/STM32F4xx_HAL_Driver/Src/stm32f4xx_hal_dma.o
 .debug_macro   0x0000000000016d7d      0x1fc ./Drivers/STM32F4xx_HAL_Driver/Src/stm32f4xx_hal_gpio.o
 .debug_macro   0x0000000000016f79      0x21a ./Drivers/STM32F4xx_HAL_Driver/Src/stm32f4xx_hal_rcc.o
 .debug_macro   0x0000000000017193      0x1f7 ./Drivers/STM32F4xx_HAL_Driver/Src/stm32f4xx_hal_tim.o
 .debug_macro   0x000000000001738a      0x1f6 ./Drivers/STM32F4xx_HAL_Driver/Src/stm32f4xx_hal_tim_ex.o
 .debug_macro   0x0000000000017580      0x1f7 ./Drivers/STM32F4xx_HAL_Driver/Src/stm32f4xx_hal_uart.o

.debug_line     0x0000000000000000    0x100dd
 .debug_line    0x0000000000000000      0xc8e ./Core/Src/main.o
 .debug_line    0x0000000000000c8e      0xd23 ./Core/Src/nokia5110_LCD.o
 .debug_line    0x00000000000019b1      0x8d2 ./Core/Src/stm32f4xx_hal_msp.o
 .debug_line    0x0000000000002283      0x87c ./Core/Src/stm32f4xx_it.o
 .debug_line    0x0000000000002aff      0x80b ./Core/Src/system_stm32f4xx.o
 .debug_line    0x000000000000330a       0x7a ./Core/Startup/startup_stm32f401retx.o
 .debug_line    0x0000000000003384      0xa71 ./Drivers/STM32F4xx_HAL_Driver/Src/stm32f4xx_hal.o
 .debug_line    0x0000000000003df5     0x120f ./Drivers/STM32F4xx_HAL_Driver/Src/stm32f4xx_hal_adc.o
 .debug_line    0x0000000000005004      0xd20 ./Drivers/STM32F4xx_HAL_Driver/Src/stm32f4xx_hal_cortex.o
 .debug_line    0x0000000000005d24      0xfd5 ./Drivers/STM32F4xx_HAL_Driver/Src/stm32f4xx_hal_dma.o
 .debug_line    0x0000000000006cf9      0xba9 ./Drivers/STM32F4xx_HAL_Driver/Src/stm32f4xx_hal_gpio.o
 .debug_line    0x00000000000078a2      0xde8 ./Drivers/STM32F4xx_HAL_Driver/Src/stm32f4xx_hal_rcc.o
 .debug_line    0x000000000000868a     0x3537 ./Drivers/STM32F4xx_HAL_Driver/Src/stm32f4xx_hal_tim.o
 .debug_line    0x000000000000bbc1     0x1a09 ./Drivers/STM32F4xx_HAL_Driver/Src/stm32f4xx_hal_tim_ex.o
 .debug_line    0x000000000000d5ca     0x2b13 ./Drivers/STM32F4xx_HAL_Driver/Src/stm32f4xx_hal_uart.o

.debug_str      0x0000000000000000    0x98de8
 .debug_str     0x0000000000000000    0x9608b ./Core/Src/main.o
                                      0x96451 (size before relaxing)
 .debug_str     0x000000000009608b      0x16b ./Core/Src/nokia5110_LCD.o
                                      0x91915 (size before relaxing)
 .debug_str     0x00000000000961f6       0xf2 ./Core/Src/stm32f4xx_hal_msp.o
                                      0x924d3 (size before relaxing)
 .debug_str     0x00000000000962e8      0x108 ./Core/Src/stm32f4xx_it.o
                                      0x91b09 (size before relaxing)
 .debug_str     0x00000000000963f0       0xdb ./Core/Src/system_stm32f4xx.o
                                      0x9177d (size before relaxing)
 .debug_str     0x00000000000964cb       0x34 ./Core/Startup/startup_stm32f401retx.o
                                         0x72 (size before relaxing)
 .debug_str     0x00000000000964ff      0x60d ./Drivers/STM32F4xx_HAL_Driver/Src/stm32f4xx_hal.o
                                      0x9219f (size before relaxing)
 .debug_str     0x0000000000096b0c      0x2bd ./Drivers/STM32F4xx_HAL_Driver/Src/stm32f4xx_hal_adc.o
                                      0x91d58 (size before relaxing)
 .debug_str     0x0000000000096dc9      0x326 ./Drivers/STM32F4xx_HAL_Driver/Src/stm32f4xx_hal_cortex.o
                                      0x91ec0 (size before relaxing)
 .debug_str     0x00000000000970ef      0x2d5 ./Drivers/STM32F4xx_HAL_Driver/Src/stm32f4xx_hal_dma.o
                                      0x91b85 (size before relaxing)
 .debug_str     0x00000000000973c4      0x121 ./Drivers/STM32F4xx_HAL_Driver/Src/stm32f4xx_hal_gpio.o
                                      0x918f8 (size before relaxing)
 .debug_str     0x00000000000974e5      0x233 ./Drivers/STM32F4xx_HAL_Driver/Src/stm32f4xx_hal_rcc.o
                                      0x91bb1 (size before relaxing)
 .debug_str     0x0000000000097718      0xd44 ./Drivers/STM32F4xx_HAL_Driver/Src/stm32f4xx_hal_tim.o
                                      0x92ae5 (size before relaxing)
 .debug_str     0x000000000009845c      0x3e1 ./Drivers/STM32F4xx_HAL_Driver/Src/stm32f4xx_hal_tim_ex.o
                                      0x92301 (size before relaxing)
 .debug_str     0x000000000009883d      0x5ab ./Drivers/STM32F4xx_HAL_Driver/Src/stm32f4xx_hal_uart.o
                                      0x9213e (size before relaxing)

.debug_frame    0x0000000000000000     0x3b08
 .debug_frame   0x0000000000000000      0x188 ./Core/Src/main.o
 .debug_frame   0x0000000000000188      0x354 ./Core/Src/nokia5110_LCD.o
 .debug_frame   0x00000000000004dc      0x134 ./Core/Src/stm32f4xx_hal_msp.o
 .debug_frame   0x0000000000000610      0x13c ./Core/Src/stm32f4xx_it.o
 .debug_frame   0x000000000000074c       0x58 ./Core/Src/system_stm32f4xx.o
 .debug_frame   0x00000000000007a4      0x374 ./Drivers/STM32F4xx_HAL_Driver/Src/stm32f4xx_hal.o
 .debug_frame   0x0000000000000b18      0x3fc ./Drivers/STM32F4xx_HAL_Driver/Src/stm32f4xx_hal_adc.o
 .debug_frame   0x0000000000000f14      0x498 ./Drivers/STM32F4xx_HAL_Driver/Src/stm32f4xx_hal_cortex.o
 .debug_frame   0x00000000000013ac      0x250 ./Drivers/STM32F4xx_HAL_Driver/Src/stm32f4xx_hal_dma.o
 .debug_frame   0x00000000000015fc      0x14c ./Drivers/STM32F4xx_HAL_Driver/Src/stm32f4xx_hal_gpio.o
 .debug_frame   0x0000000000001748      0x1f4 ./Drivers/STM32F4xx_HAL_Driver/Src/stm32f4xx_hal_rcc.o
 .debug_frame   0x000000000000193c     0x11bc ./Drivers/STM32F4xx_HAL_Driver/Src/stm32f4xx_hal_tim.o
 .debug_frame   0x0000000000002af8      0x638 ./Drivers/STM32F4xx_HAL_Driver/Src/stm32f4xx_hal_tim_ex.o
 .debug_frame   0x0000000000003130      0x92c ./Drivers/STM32F4xx_HAL_Driver/Src/stm32f4xx_hal_uart.o
 .debug_frame   0x0000000000003a5c       0x20 D:/STM32CubeIDE_1.14.0/STM32CubeIDE/plugins/com.st.stm32cube.ide.mcu.externaltools.gnu-tools-for-stm32.11.3.rel1.win32_1.1.100.202309141235/tools/bin/../lib/gcc/arm-none-eabi/11.3.1/../../../../arm-none-eabi/lib/thumb/v7e-m+fp/hard\libc_nano.a(libc_a-memset.o)
 .debug_frame   0x0000000000003a7c       0x2c D:/STM32CubeIDE_1.14.0/STM32CubeIDE/plugins/com.st.stm32cube.ide.mcu.externaltools.gnu-tools-for-stm32.11.3.rel1.win32_1.1.100.202309141235/tools/bin/../lib/gcc/arm-none-eabi/11.3.1/../../../../arm-none-eabi/lib/thumb/v7e-m+fp/hard\libc_nano.a(libc_a-init.o)
 .debug_frame   0x0000000000003aa8       0x2c D:/STM32CubeIDE_1.14.0/STM32CubeIDE/plugins/com.st.stm32cube.ide.mcu.externaltools.gnu-tools-for-stm32.11.3.rel1.win32_1.1.100.202309141235/tools/bin/../lib/gcc/arm-none-eabi/11.3.1/thumb/v7e-m+fp/hard\libgcc.a(_aeabi_uldivmod.o)
 .debug_frame   0x0000000000003ad4       0x34 D:/STM32CubeIDE_1.14.0/STM32CubeIDE/plugins/com.st.stm32cube.ide.mcu.externaltools.gnu-tools-for-stm32.11.3.rel1.win32_1.1.100.202309141235/tools/bin/../lib/gcc/arm-none-eabi/11.3.1/thumb/v7e-m+fp/hard\libgcc.a(_udivmoddi4.o)

.debug_line_str
                0x0000000000000000       0x66
 .debug_line_str
                0x0000000000000000       0x66 ./Core/Startup/startup_stm32f401retx.o
                                         0x7e (size before relaxing)
