../Core/Src/main.c:85:5:main	8	static
../Core/Src/main.c:152:6:SystemClock_Config	88	static
../Core/Src/main.c:196:13:MX_ADC1_Init	24	static
../Core/Src/main.c:247:13:MX_TIM1_Init	96	static
../Core/Src/main.c:328:13:MX_TIM2_Init	32	static
../Core/Src/main.c:370:13:MX_TIM3_Init	32	static
../Core/Src/main.c:411:13:MX_USART1_UART_Init	8	static
../Core/Src/main.c:440:13:MX_DMA_Init	16	static
../Core/Src/main.c:458:13:MX_GPIO_Init	48	static
../Core/Src/main.c:505:6:HAL_UART_RxCpltCallback	16	static
../Core/Src/main.c:526:6:Error_Handler	4	static,ignoring_inline_asm
