../Core/Src/main.c:101:5:main	16	static
../Core/Src/main.c:198:6:SystemClock_Config	88	static
../Core/Src/main.c:244:13:MX_ADC1_Init	24	static
../Core/Src/main.c:296:13:MX_TIM1_Init	96	static
../Core/Src/main.c:379:13:MX_TIM2_Init	32	static
../Core/Src/main.c:424:13:MX_USART1_UART_Init	8	static
../Core/Src/main.c:453:13:MX_DMA_Init	16	static
../Core/Src/main.c:471:13:MX_GPIO_Init	48	static
../Core/Src/main.c:518:6:HAL_UART_RxCpltCallback	16	static
../Core/Src/main.c:533:5:avg_	16	static
../Core/Src/main.c:546:6:Error_Handler	4	static,ignoring_inline_asm
