../Core/Src/nokia5110_LCD.c:14:6:LCD_setRST	16	static
../Core/Src/nokia5110_LCD.c:19:6:LCD_setCE	16	static
../Core/Src/nokia5110_LCD.c:24:6:LCD_setDC	16	static
../Core/Src/nokia5110_LCD.c:35:6:LCD_write	16	static
../Core/Src/nokia5110_LCD.c:45:6:LCD_init	8	static
../Core/Src/nokia5110_LCD.c:62:6:LCD_invert	16	static
../Core/Src/nokia5110_LCD.c:75:6:LCD_invertText	16	static
../Core/Src/nokia5110_LCD.c:88:6:LCD_putChar	24	static
../Core/Src/nokia5110_LCD.c:102:6:LCD_print	16	static
../Core/Src/nokia5110_LCD.c:112:6:LCD_clrScr	16	static
../Core/Src/nokia5110_LCD.c:124:6:LCD_goXY	16	static
../Core/Src/nokia5110_LCD.c:132:6:LCD_refreshScr	16	static
../Core/Src/nokia5110_LCD.c:148:6:LCD_refreshArea	32	static
../Core/Src/nokia5110_LCD.c:165:6:LCD_setPixel	16	static
../Core/Src/nokia5110_LCD.c:185:6:LCD_drawHLine	40	static
../Core/Src/nokia5110_LCD.c:203:6:LCD_drawVLine	32	static
../Core/Src/nokia5110_LCD.c:217:5:abs	16	static
../Core/Src/nokia5110_LCD.c:231:6:LCD_drawLine	80	static
../Core/Src/nokia5110_LCD.c:310:6:LCD_drawRectangle	24	static
